#
# There is insufficient memory for the Java Runtime Environment to continue.
# Native memory allocation (mmap) failed to map 264241152 bytes. Error detail: G1 virtual space
# Possible reasons:
#   The system is out of physical RAM or swap space
#   This process is running with CompressedOops enabled, and the Java Heap may be blocking the growth of the native heap
# Possible solutions:
#   Reduce memory load on the system
#   Increase physical memory or swap space
#   Check if swap backing store is full
#   Decrease Java heap size (-Xmx/-Xms)
#   Decrease number of Java threads
#   Decrease Java thread stack sizes (-Xss)
#   Set larger code cache with -XX:ReservedCodeCacheSize=
#   JVM is running with Zero Based Compressed Oops mode in which the Java heap is
#     placed in the first 32GB address space. The Java Heap base address is the
#     maximum limit for the native heap growth. Please use -XX:HeapBaseMinAddress
#     to set the Java Heap base and to place the Java Heap above 32GB virtual address.
# This output file may be truncated or incomplete.
#
#  Out of Memory Error (os_windows.cpp:3898), pid=5084, tid=20888
#
# JRE version:  (21.0.6+9) (build )
# Java VM: OpenJDK 64-Bit Server VM (21.0.6+9-b895.109, mixed mode, sharing, tiered, compressed oops, compressed class ptrs, g1 gc, windows-amd64)
# No core dump will be written. Minidumps are not enabled by default on client versions of Windows
#

---------------  S U M M A R Y ------------

Command Line: git4idea.http.GitAskPassApp Username for 'https://gitlab.com': 

Host: 11th Gen Intel(R) Core(TM) i5-1135G7 @ 2.40GHz, 8 cores, 15G,  Windows 11 , 64 bit Build 26100 (10.0.26100.8246)
Time: Tue May 12 15:01:24 2026 Egypt Daylight Time elapsed time: 1.669275 seconds (0d 0h 0m 1s)

---------------  T H R E A D  ---------------

Current thread (0x0000024057d23860):  JavaThread "Unknown thread" [_thread_in_vm, id=20888, stack(0x000000adbc800000,0x000000adbc900000) (1024K)]

Stack: [0x000000adbc800000,0x000000adbc900000]
Native frames: (J=compiled Java code, j=interpreted, Vv=VM code, C=native code)
V  [jvm.dll+0x6e5cb9]
V  [jvm.dll+0x8c4113]
V  [jvm.dll+0x8c666e]
V  [jvm.dll+0x8c6d53]
V  [jvm.dll+0x288f76]
V  [jvm.dll+0x6e2575]
V  [jvm.dll+0x6d602a]
V  [jvm.dll+0x3635db]
V  [jvm.dll+0x36b1a6]
V  [jvm.dll+0x3bd4f6]
V  [jvm.dll+0x3bd7c8]
V  [jvm.dll+0x335d2c]
V  [jvm.dll+0x336a1b]
V  [jvm.dll+0x88b569]
V  [jvm.dll+0x3ca6c8]
V  [jvm.dll+0x8745b8]
V  [jvm.dll+0x45f0de]
V  [jvm.dll+0x460dc1]
C  [jli.dll+0x52ab]
C  [ucrtbase.dll+0x37b0]
C  [KERNEL32.DLL+0x2e8d7]
C  [ntdll.dll+0x8c3fc]


---------------  P R O C E S S  ---------------

Threads class SMR info:
_java_thread_list=0x00007ff92c94a148, length=0, elements={
}

Java Threads: ( => current thread )
Total: 0

Other Threads:
  0x000002405a0bebe0 WorkerThread "GC Thread#0"                     [id=25352, stack(0x000000adbc900000,0x000000adbca00000) (1024K)]
  0x000002405a0d0550 ConcurrentGCThread "G1 Main Marker"            [id=5952, stack(0x000000adbca00000,0x000000adbcb00000) (1024K)]
  0x000002405a0d17f0 WorkerThread "G1 Conc#0"                       [id=3824, stack(0x000000adbcb00000,0x000000adbcc00000) (1024K)]

[error occurred during error reporting (printing all threads), id 0xc0000005, EXCEPTION_ACCESS_VIOLATION (0xc0000005) at pc=0x00007ff92c038e07]
VM state: not at safepoint (not fully initialized)

VM Mutex/Monitor currently owned by a thread:  ([mutex/lock_event])
[0x00007ff92c9beb30] Heap_lock - owner thread: 0x0000024057d23860

Heap address: 0x0000000704e00000, size: 4018 MB, Compressed Oops mode: Zero based, Oop shift amount: 3

CDS archive(s) mapped at: [0x0000000000000000-0x0000000000000000-0x0000000000000000), size 0, SharedBaseAddress: 0x0000000800000000, ArchiveRelocationMode: 1.
Narrow klass base: 0x0000000000000000, Narrow klass shift: 0, Narrow klass range: 0x0

GC Precious Log:
 CardTable entry size: 512
 Card Set container configuration: InlinePtr #cards 4 size 8 Array Of Cards #cards 16 size 48 Howl #buckets 8 coarsen threshold 3686 Howl Bitmap #cards 512 size 80 coarsen threshold 460 Card regions per heap region 1 cards per card region 4096

Heap:
 garbage-first heap   total 0K, used 0K [0x0000000704e00000, 0x0000000800000000)
  region size 2048K, 0 young (0K), 0 survivors (0K)
 Metaspace       used 0K, committed 0K, reserved 0K
  class space    used 0K, committed 0K, reserved 0K

Heap Regions: E=young(eden), S=young(survivor), O=old, HS=humongous(starts), HC=humongous(continues), CS=collection set, F=free, TAMS=top-at-mark-start, PB=parsable bottom

Card table byte_map: [0x000002406dba0000,0x000002406e380000] _byte_map_base: 0x000002406a379000

Marking Bits: (CMBitMap*) 0x000002405a0bf2e0
 Bits: [0x000002406e380000, 0x0000024072248000)

GC Heap History (0 events):
No events

Dll operation events (1 events):
Event: 0.045 Loaded shared library C:\Program Files\JetBrains\PhpStorm 2025.1.1\jbr\bin\java.dll

Deoptimization events (0 events):
No events

Classes loaded (0 events):
No events

Classes unloaded (0 events):
No events

Classes redefined (0 events):
No events

Internal exceptions (0 events):
No events

ZGC Phase Switch (0 events):
No events

VM Operations (0 events):
No events

Memory protections (0 events):
No events

Nmethod flushes (0 events):
No events

Events (0 events):
No events


Dynamic libraries:
0x00007ff626510000 - 0x00007ff62651a000 	C:\Program Files\JetBrains\PhpStorm 2025.1.1\jbr\bin\java.exe
0x00007ff9d2340000 - 0x00007ff9d25a7000 	C:\WINDOWS\SYSTEM32\ntdll.dll
0x00007ff9d15c0000 - 0x00007ff9d1689000 	C:\WINDOWS\System32\KERNEL32.DLL
0x00007ff9cf910000 - 0x00007ff9cfd04000 	C:\WINDOWS\System32\KERNELBASE.dll
0x00007ff9ceca0000 - 0x00007ff9cedeb000 	C:\WINDOWS\System32\ucrtbase.dll
0x00007ff9cb960000 - 0x00007ff9cb97b000 	C:\Program Files\JetBrains\PhpStorm 2025.1.1\jbr\bin\VCRUNTIME140.dll
0x00007ff9a0960000 - 0x00007ff9a0978000 	C:\Program Files\JetBrains\PhpStorm 2025.1.1\jbr\bin\jli.dll
0x00007ff9d0540000 - 0x00007ff9d0705000 	C:\WINDOWS\System32\USER32.dll
0x00007ff9d00a0000 - 0x00007ff9d00c7000 	C:\WINDOWS\System32\win32u.dll
0x00007ff9a4310000 - 0x00007ff9a45a3000 	C:\WINDOWS\WinSxS\amd64_microsoft.windows.common-controls_6595b64144ccf1df_6.0.26100.8115_none_3e075c82e3354f9c\COMCTL32.dll
0x00007ff9d1990000 - 0x00007ff9d19bb000 	C:\WINDOWS\System32\GDI32.dll
0x00007ff9d0d10000 - 0x00007ff9d0db9000 	C:\WINDOWS\System32\msvcrt.dll
0x00007ff9cf7e0000 - 0x00007ff9cf90b000 	C:\WINDOWS\System32\gdi32full.dll
0x00007ff9cfe80000 - 0x00007ff9cff23000 	C:\WINDOWS\System32\msvcp_win.dll
0x00007ff9d21a0000 - 0x00007ff9d21d2000 	C:\WINDOWS\System32\IMM32.DLL
0x00007ff9cb9b0000 - 0x00007ff9cb9bc000 	C:\Program Files\JetBrains\PhpStorm 2025.1.1\jbr\bin\vcruntime140_1.dll
0x00007ff959020000 - 0x00007ff9590ad000 	C:\Program Files\JetBrains\PhpStorm 2025.1.1\jbr\bin\msvcp140.dll
0x00007ff92bcf0000 - 0x00007ff92cab1000 	C:\Program Files\JetBrains\PhpStorm 2025.1.1\jbr\bin\server\jvm.dll
0x00007ff9d19d0000 - 0x00007ff9d1a86000 	C:\WINDOWS\System32\ADVAPI32.dll
0x00007ff9d1880000 - 0x00007ff9d1927000 	C:\WINDOWS\System32\sechost.dll
0x00007ff9d21e0000 - 0x00007ff9d22f8000 	C:\WINDOWS\System32\RPCRT4.dll
0x00007ff9d08f0000 - 0x00007ff9d0970000 	C:\WINDOWS\System32\WS2_32.dll
0x00007ff9cea90000 - 0x00007ff9ceaee000 	C:\WINDOWS\SYSTEM32\POWRPROF.dll
0x00007ff9c6f70000 - 0x00007ff9c6f7b000 	C:\WINDOWS\SYSTEM32\VERSION.dll
0x00007ff9c3560000 - 0x00007ff9c3596000 	C:\WINDOWS\SYSTEM32\WINMM.dll
0x00007ff9cea70000 - 0x00007ff9cea84000 	C:\WINDOWS\SYSTEM32\UMPDC.dll
0x00007ff9cd960000 - 0x00007ff9cd97b000 	C:\WINDOWS\SYSTEM32\kernel.appcore.dll
0x00007ff9cb9a0000 - 0x00007ff9cb9aa000 	C:\Program Files\JetBrains\PhpStorm 2025.1.1\jbr\bin\jimage.dll
0x00007ff9ccb20000 - 0x00007ff9ccd62000 	C:\WINDOWS\SYSTEM32\DBGHELP.DLL
0x00007ff9d0980000 - 0x00007ff9d0d02000 	C:\WINDOWS\System32\combase.dll
0x00007ff9d1b10000 - 0x00007ff9d1be8000 	C:\WINDOWS\System32\OLEAUT32.dll
0x00007ff9a5df0000 - 0x00007ff9a5e2b000 	C:\WINDOWS\SYSTEM32\dbgcore.DLL
0x00007ff9cff30000 - 0x00007ff9cffd5000 	C:\WINDOWS\System32\bcryptPrimitives.dll
0x00007ff9c8210000 - 0x00007ff9c8230000 	C:\Program Files\JetBrains\PhpStorm 2025.1.1\jbr\bin\java.dll

dbghelp: loaded successfully - version: 4.0.5 - missing functions: none
symbol engine: initialized successfully - sym options: 0x614 - pdb path: .;C:\Program Files\JetBrains\PhpStorm 2025.1.1\jbr\bin;C:\WINDOWS\SYSTEM32;C:\WINDOWS\WinSxS\amd64_microsoft.windows.common-controls_6595b64144ccf1df_6.0.26100.8115_none_3e075c82e3354f9c;C:\Program Files\JetBrains\PhpStorm 2025.1.1\jbr\bin\server

VM Arguments:
java_command: git4idea.http.GitAskPassApp Username for 'https://gitlab.com': 
java_class_path (initial): C:/Program Files/JetBrains/PhpStorm 2025.1.1/plugins/vcs-git/lib/git4idea-rt.jar;C:/Program Files/JetBrains/PhpStorm 2025.1.1/lib/externalProcess-rt.jar
Launcher Type: SUN_STANDARD

[Global flags]
     intx CICompilerCount                          = 4                                         {product} {ergonomic}
     uint ConcGCThreads                            = 2                                         {product} {ergonomic}
     uint G1ConcRefinementThreads                  = 8                                         {product} {ergonomic}
   size_t G1HeapRegionSize                         = 2097152                                   {product} {ergonomic}
    uintx GCDrainStackTargetSize                   = 64                                        {product} {ergonomic}
   size_t InitialHeapSize                          = 264241152                                 {product} {ergonomic}
   size_t MarkStackSize                            = 4194304                                   {product} {ergonomic}
   size_t MaxHeapSize                              = 4213178368                                {product} {ergonomic}
   size_t MinHeapDeltaBytes                        = 2097152                                   {product} {ergonomic}
   size_t MinHeapSize                              = 8388608                                   {product} {ergonomic}
    uintx NonNMethodCodeHeapSize                   = 5839372                                {pd product} {ergonomic}
    uintx NonProfiledCodeHeapSize                  = 122909434                              {pd product} {ergonomic}
    uintx ProfiledCodeHeapSize                     = 122909434                              {pd product} {ergonomic}
    uintx ReservedCodeCacheSize                    = 251658240                              {pd product} {ergonomic}
     bool SegmentedCodeCache                       = true                                      {product} {ergonomic}
   size_t SoftMaxHeapSize                          = 4213178368                             {manageable} {ergonomic}
     bool UseCompressedOops                        = true                           {product lp64_product} {ergonomic}
     bool UseG1GC                                  = true                                      {product} {ergonomic}
     bool UseLargePagesIndividualAllocation        = false                                  {pd product} {ergonomic}

Logging:
Log output configuration:
 #0: stdout all=warning uptime,level,tags foldmultilines=false
 #1: stderr all=off uptime,level,tags foldmultilines=false

Environment Variables:
PATH=C:/Program Files/Git/mingw64/libexec/git-core;C:/Program Files/Git/mingw64/libexec/git-core;C:\Program Files\Git\mingw64\bin;C:\Program Files\Git\usr\bin;C:\Users\AAIT\bin;C:\Program Files (x86)\Common Files\Oracle\Java\javapath;C:\WINDOWS\system32;C:\WINDOWS;C:\WINDOWS\System32\Wbem;C:\WINDOWS\System32\WindowsPowerShell\v1.0\;C:\WINDOWS\System32\OpenSSH\;C:\Program Files\Git\cmd;C:\Program Files\nodejs\;C:\Program Files\GitHub CLI\;C:\Program Files\Pandoc\;C:\Users\AAIT\.config\herd\bin;C:\Users\AAIT\.local\bin;C:\Users\AAIT\AppData\Local\Microsoft\WindowsApps;C:\Users\AAIT\AppData\Local\Programs\Microsoft VS Code\bin;C:\Users\AAIT\AppData\Local\Programs\cursor\resources\app\bin;C:\Users\AAIT\AppData\Local\Programs\Antigravity\bin;C:\Users\AAIT\AppData\Roaming\npm;C:\Users\AAIT\bin;C:\Users\AAIT\AppData\Local\GitHubDesktop\bin
USERNAME=AAIT
DISPLAY=:0.0
LC_ALL=en_US.UTF-8
TERM=xterm-256color
TMPDIR=C:\Users\AAIT\AppData\Local\Temp
OS=Windows_NT
PROCESSOR_IDENTIFIER=Intel64 Family 6 Model 140 Stepping 1, GenuineIntel
TMP=C:\Users\AAIT\AppData\Local\Temp
TEMP=C:\Users\AAIT\AppData\Local\Temp




Periodic native trim disabled

JNI global refs:
JNI global refs: 0, weak refs: 0

JNI global refs memory usage: 0, weak refs: 0

Process memory usage:
Resident Set Size: 13100K (0% of 16449800K total physical memory with 1042452K free physical memory)

OOME stack traces (most recent first):
Classloader memory used:

---------------  S Y S T E M  ---------------

OS:
 Windows 11 , 64 bit Build 26100 (10.0.26100.8246)
OS uptime: 7 days 22:54 hours
Hyper-V role detected

CPU: total 8 (initial active 8) (4 cores per cpu, 2 threads per core) family 6 model 140 stepping 1 microcode 0xbe, cx8, cmov, fxsr, ht, mmx, 3dnowpref, sse, sse2, sse3, ssse3, sse4.1, sse4.2, popcnt, lzcnt, tsc, tscinvbit, avx, avx2, aes, erms, clmul, bmi1, bmi2, adx, avx512f, avx512dq, avx512cd, avx512bw, avx512vl, sha, fma, vzeroupper, avx512_vpopcntdq, avx512_vpclmulqdq, avx512_vaes, avx512_vnni, clflush, clflushopt, clwb, avx512_vbmi2, avx512_vbmi, hv, rdtscp, rdpid, fsrm, gfni, avx512_bitalg, f16c, cet_ibt, cet_ss, avx512_ifma
Processor Information for the first 8 processors :
  Max Mhz: 2419, Current Mhz: 2419, Mhz Limit: 2419

Memory: 4k page, system-wide physical 16064M (1018M free)
TotalPageFile size 33472M (AvailPageFile size 71M)
current process WorkingSet (physical memory assigned to process): 12M, peak: 12M
current process commit charge ("private bytes"): 60M, peak: 312M

vm_info: OpenJDK 64-Bit Server VM (21.0.6+9-b895.109) for windows-amd64 JRE (21.0.6+9-b895.109), built on 2025-03-26 by "builduser" with MS VC++ 16.10 / 16.11 (VS2019)

END.
